WARNING: Power of unmapped instance 'u_mult/u_wal' will not be analyzed.
         (PA_W_043)
WARNING: Power of unmapped instance 'u_mult/u_wal' will not be analyzed.
         (PA_W_043)
WARNING: Power of unmapped instance 'u_mult/u_wal' will not be analyzed.
         (PA_W_043)
WARNING: Power of unmapped instance 'u_mult/u_wal' will not be analyzed.
         (PA_W_043)
WARNING: Power of unmapped instance 'u_mult/u_wal' will not be analyzed.
         (PA_W_043)
WARNING: Power of unmapped instance 'u_mult/u_wal' will not be analyzed.
         (PA_W_043)
WARNING: Power of unmapped instance 'u_mult/u_wal' will not be analyzed.
         (PA_W_043)
WARNING: Power of unmapped instance 'u_mult/u_wal' will not be analyzed.
         (PA_W_043)
WARNING: Power of unmapped instance 'u_mult/u_wal' will not be analyzed.
         (PA_W_043)
WARNING: Power of unmapped instance 'u_mult/u_wal' will not be analyzed.
         (PA_W_043)
WARNING: Power of unmapped instance 'u_mult/u_wal' will not be analyzed.
         (PA_W_043)
WARNING: Power of unmapped instance 'u_mult/u_wal' will not be analyzed.
         (PA_W_043)
WARNING: Power of unmapped instance 'u_mult/u_wal' will not be analyzed.
         (PA_W_043)
WARNING: Power of unmapped instance 'u_mult/u_wal' will not be analyzed.
         (PA_W_043)
WARNING: Power of unmapped instance 'u_mult/u_wal' will not be analyzed.
         (PA_W_043)
WARNING: Power of unmapped instance 'u_mult/u_wal' will not be analyzed.
         (PA_W_043)
WARNING: Power of unmapped instance 'u_mult/u_wal' will not be analyzed.
         (PA_W_043)
WARNING: Power of unmapped instance 'u_mult/u_wal' will not be analyzed.
         (PA_W_043)
WARNING: Power of unmapped instance 'u_mult/u_wal' will not be analyzed.
         (PA_W_043)
WARNING: Power of unmapped instance 'u_mult/u_wal' will not be analyzed.
         (PA_W_043)
WARNING: Power of unmapped instance 'u_mult/u_wal' will not be analyzed.
         (PA_W_043)
WARNING: Power of unmapped instance 'u_mult/u_wal' will not be analyzed.
         (PA_W_043)
WARNING: Power of unmapped instance 'u_mult/u_wal' will not be analyzed.
         (PA_W_043)
WARNING: Power of unmapped instance 'u_mult/u_wal' will not be analyzed.
         (PA_W_043)
WARNING: Power of unmapped instance 'u_mult/u_wal' will not be analyzed.
         (PA_W_043)
WARNING: Power of unmapped instance 'u_mult/u_wal' will not be analyzed.
         (PA_W_043)
WARNING: Power of unmapped instance 'u_mult/u_wal' will not be analyzed.
         (PA_W_043)
WARNING: Power of unmapped instance 'u_mult/u_wal' will not be analyzed.
         (PA_W_043)
WARNING: Power of unmapped instance 'u_mult/u_wal' will not be analyzed.
         (PA_W_043)
WARNING: Power of unmapped instance 'u_mult/u_wal' will not be analyzed.
         (PA_W_043)
WARNING: Power of unmapped instance 'u_mult/u_wal' will not be analyzed.
         (PA_W_043)
WARNING: Power of unmapped instance 'u_mult/u_wal' will not be analyzed.
         (PA_W_043)
WARNING: Power of unmapped instance 'u_mult/u_wal' will not be analyzed.
         (PA_W_043)
WARNING: Power of unmapped instance 'u_mult/u_wal' will not be analyzed.
         (PA_W_043)
WARNING: Power of unmapped instance 'u_mult/u_wal' will not be analyzed.
         (PA_W_043)
WARNING: Power of unmapped instance 'u_mult/u_wal' will not be analyzed.
         (PA_W_043)
WARNING: Power of unmapped instance 'u_mult/u_wal' will not be analyzed.
         (PA_W_043)
WARNING: Power of unmapped instance 'u_mult/u_wal' will not be analyzed.
         (PA_W_043)
WARNING: Power of unmapped instance 'u_mult/u_wal' will not be analyzed.
         (PA_W_043)
WARNING: Power of unmapped instance 'u_mult/u_wal' will not be analyzed.
         (PA_W_043)
WARNING: Power of unmapped instance 'u_mult/u_wal' will not be analyzed.
         (PA_W_043)
WARNING: Power of unmapped instance 'u_mult/u_wal' will not be analyzed.
         (PA_W_043)
WARNING: Power of unmapped instance 'u_mult/u_wal' will not be analyzed.
         (PA_W_043)
WARNING: Power of unmapped instance 'u_mult/u_wal' will not be analyzed.
         (PA_W_043)
WARNING: Power of unmapped instance 'u_mult/u_wal' will not be analyzed.
         (PA_W_043)
WARNING: Power of unmapped instance 'u_mult/u_wal' will not be analyzed.
         (PA_W_043)
WARNING: Power of unmapped instance 'u_mult/u_wal' will not be analyzed.
         (PA_W_043)
WARNING: Power of unmapped instance 'u_mult/u_wal' will not be analyzed.
         (PA_W_043)
WARNING: Power of unmapped instance 'u_mult/u_wal' will not be analyzed.
         (PA_W_043)
WARNING: Power of unmapped instance 'u_mult/u_wal' will not be analyzed.
         (PA_W_043)
WARNING: Power of unmapped instance 'u_mult/u_wal' will not be analyzed.
         (PA_W_043)
WARNING: Power of unmapped instance 'u_mult/u_wal' will not be analyzed.
         (PA_W_043)
WARNING: Power of unmapped instance 'u_mult/u_wal' will not be analyzed.
         (PA_W_043)
WARNING: Power of unmapped instance 'u_mult/u_wal' will not be analyzed.
         (PA_W_043)
WARNING: Power of unmapped instance 'u_mult/u_wal' will not be analyzed.
         (PA_W_043)
WARNING: Power of unmapped instance 'u_mult/u_wal' will not be analyzed.
         (PA_W_043)
WARNING: Power of unmapped instance 'u_mult/u_wal' will not be analyzed.
         (PA_W_043)
WARNING: Power of unmapped instance 'u_mult/u_wal' will not be analyzed.
         (PA_W_043)
WARNING: Power of unmapped instance 'u_mult/u_wal' will not be analyzed.
         (PA_W_043)
WARNING: Power of unmapped instance 'u_mult/u_wal' will not be analyzed.
         (PA_W_043)
WARNING: Power of unmapped instance 'u_mult/u_wal' will not be analyzed.
         (PA_W_043)
WARNING: Power of unmapped instance 'u_mult/u_wal' will not be analyzed.
         (PA_W_043)
WARNING: Power of unmapped instance 'u_mult/u_wal' will not be analyzed.
         (PA_W_043)
WARNING: Power of unmapped instance 'u_mult/u_wal' will not be analyzed.
         (PA_W_043)
WARNING: Power of unmapped instance 'u_mult/u_wal' will not be analyzed.
         (PA_W_043)
WARNING: Power of unmapped instance 'u_mult/u_wal' will not be analyzed.
         (PA_W_043)
WARNING: Power of unmapped instance 'u_mult/u_wal' will not be analyzed.
         (PA_W_043)
WARNING: Power of unmapped instance 'u_mult/u_wal' will not be analyzed.
         (PA_W_043)
WARNING: Power of unmapped instance 'u_mult/u_wal' will not be analyzed.
         (PA_W_043)
WARNING: Power of unmapped instance 'u_mult/u_wal' will not be analyzed.
         (PA_W_043)
WARNING: Power of unmapped instance 'u_mult/u_wal' will not be analyzed.
         (PA_W_043)
WARNING: Power of unmapped instance 'u_mult/u_wal' will not be analyzed.
         (PA_W_043)
WARNING: Power of unmapped instance 'u_mult/u_wal' will not be analyzed.
         (PA_W_043)
WARNING: Power of unmapped instance 'u_mult/u_wal' will not be analyzed.
         (PA_W_043)
WARNING: Power of unmapped instance 'u_mult/u_wal' will not be analyzed.
         (PA_W_043)
WARNING: Power of unmapped instance 'u_mult/u_wal' will not be analyzed.
         (PA_W_043)
WARNING: Power of unmapped instance 'u_mult/u_wal' will not be analyzed.
         (PA_W_043)
WARNING: Power of unmapped instance 'u_mult/u_wal' will not be analyzed.
         (PA_W_043)
WARNING: Power of unmapped instance 'u_mult/u_wal' will not be analyzed.
         (PA_W_043)
WARNING: Power of unmapped instance 'u_mult/u_wal' will not be analyzed.
         (PA_W_043)
WARNING: Power of unmapped instance 'u_mult/u_wal' will not be analyzed.
         (PA_W_043)
WARNING: Power of unmapped instance 'u_mult/u_wal' will not be analyzed.
         (PA_W_043)
WARNING: Power of unmapped instance 'u_mult/u_wal' will not be analyzed.
         (PA_W_043)
WARNING: Power of unmapped instance 'u_mult/u_wal' will not be analyzed.
         (PA_W_043)
WARNING: Power of unmapped instance 'u_mult/u_wal' will not be analyzed.
         (PA_W_043)
WARNING: Power of unmapped instance 'u_mult/u_wal' will not be analyzed.
         (PA_W_043)
WARNING: Power of unmapped instance 'u_mult/u_wal' will not be analyzed.
         (PA_W_043)
WARNING: Power of unmapped instance 'u_mult/u_wal' will not be analyzed.
         (PA_W_043)
WARNING: Power of unmapped instance 'u_mult/u_wal' will not be analyzed.
         (PA_W_043)
WARNING: Power of unmapped instance 'u_mult/u_wal' will not be analyzed.
         (PA_W_043)
WARNING: Power of unmapped instance 'u_mult/u_wal' will not be analyzed.
         (PA_W_043)
WARNING: Power of unmapped instance 'u_mult/u_wal' will not be analyzed.
         (PA_W_043)
WARNING: Power of unmapped instance 'u_mult/u_wal' will not be analyzed.
         (PA_W_043)
WARNING: Power of unmapped instance 'u_mult/u_wal' will not be analyzed.
         (PA_W_043)
WARNING: Power of unmapped instance 'u_mult/u_wal' will not be analyzed.
         (PA_W_043)
WARNING: Power of unmapped instance 'u_mult/u_wal' will not be analyzed.
         (PA_W_043)
WARNING: Power of unmapped instance 'u_mult/u_wal' will not be analyzed.
         (PA_W_043)
WARNING: Power of unmapped instance 'u_mult/u_wal' will not be analyzed.
         (PA_W_043)
WARNING: Power of unmapped instance 'u_mult/u_wal' will not be analyzed.
         (PA_W_043)
WARNING: Power of unmapped instance 'u_mult/u_wal' will not be analyzed.
         (PA_W_043)
WARNING: Power of unmapped instance 'u_mult/u_wal' will not be analyzed.
         (PA_W_043)
WARNING: Power of unmapped instance 'u_mult/u_wal' will not be analyzed.
         (PA_W_043)
WARNING: Power of unmapped instance 'u_mult/u_wal' will not be analyzed.
         (PA_W_043)
WARNING: Power of unmapped instance 'u_mult/u_wal' will not be analyzed.
         (PA_W_043)
WARNING: Power of unmapped instance 'u_mult/u_wal' will not be analyzed.
         (PA_W_043)
WARNING: Power of unmapped instance 'u_mult/u_wal' will not be analyzed.
         (PA_W_043)
WARNING: Power of unmapped instance 'u_mult/u_wal' will not be analyzed.
         (PA_W_043)
WARNING: Power of unmapped instance 'u_mult/u_wal' will not be analyzed.
         (PA_W_043)
WARNING: Power of unmapped instance 'u_mult/u_wal' will not be analyzed.
         (PA_W_043)
WARNING: Power of unmapped instance 'u_mult/u_wal' will not be analyzed.
         (PA_W_043)
WARNING: Power of unmapped instance 'u_mult/u_wal' will not be analyzed.
         (PA_W_043)
WARNING: Power of unmapped instance 'u_mult/u_wal' will not be analyzed.
         (PA_W_043)
WARNING: Power of unmapped instance 'u_mult/u_wal' will not be analyzed.
         (PA_W_043)
WARNING: Power of unmapped instance 'u_mult/u_wal' will not be analyzed.
         (PA_W_043)
WARNING: Power of unmapped instance 'u_mult/u_wal' will not be analyzed.
         (PA_W_043)
WARNING: Power of unmapped instance 'u_mult/u_wal' will not be analyzed.
         (PA_W_043)
WARNING: Power of unmapped instance 'u_mult/u_wal' will not be analyzed.
         (PA_W_043)
WARNING: Power of unmapped instance 'u_mult/u_wal' will not be analyzed.
         (PA_W_043)
WARNING: Power of unmapped instance 'u_mult/u_wal' will not be analyzed.
         (PA_W_043)
WARNING: Power of unmapped instance 'u_mult/u_wal' will not be analyzed.
         (PA_W_043)
WARNING: Power of unmapped instance 'u_mult/u_wal' will not be analyzed.
         (PA_W_043)
WARNING: Power of unmapped instance 'u_mult/u_wal' will not be analyzed.
         (PA_W_043)
WARNING: Power of unmapped instance 'u_mult/u_wal' will not be analyzed.
         (PA_W_043)
WARNING: Power of unmapped instance 'u_mult/u_wal' will not be analyzed.
         (PA_W_043)
WARNING: Power of unmapped instance 'u_mult/u_wal' will not be analyzed.
         (PA_W_043)
WARNING: Power of unmapped instance 'u_mult/u_wal' will not be analyzed.
         (PA_W_043)
WARNING: Power of unmapped instance 'u_mult/u_wal' will not be analyzed.
         (PA_W_043)
WARNING: Power of unmapped instance 'u_mult/u_wal' will not be analyzed.
         (PA_W_043)
WARNING: Power of unmapped instance 'u_mult/u_wal' will not be analyzed.
         (PA_W_043)
WARNING: Power of unmapped instance 'u_mult/u_wal' will not be analyzed.
         (PA_W_043)
WARNING: Power of unmapped instance 'u_mult/u_wal' will not be analyzed.
         (PA_W_043)
WARNING: Power of unmapped instance 'u_mult/u_wal' will not be analyzed.
         (PA_W_043)
WARNING: Power of unmapped instance 'u_mult/u_wal' will not be analyzed.
         (PA_W_043)
WARNING: Power of unmapped instance 'u_mult/u_wal' will not be analyzed.
         (PA_W_043)
WARNING: Power of unmapped instance 'u_mult/u_wal' will not be analyzed.
         (PA_W_043)
WARNING: Power of unmapped instance 'u_mult/u_wal' will not be analyzed.
         (PA_W_043)
WARNING: Power of unmapped instance 'u_mult/u_wal' will not be analyzed.
         (PA_W_043)
WARNING: Power of unmapped instance 'u_mult/u_wal' will not be analyzed.
         (PA_W_043)
WARNING: Power of unmapped instance 'u_mult/u_wal' will not be analyzed.
         (PA_W_043)
WARNING: Power of unmapped instance 'u_mult/u_wal' will not be analyzed.
         (PA_W_043)
WARNING: Power of unmapped instance 'u_mult/u_wal' will not be analyzed.
         (PA_W_043)
WARNING: Power of unmapped instance 'u_mult/u_wal' will not be analyzed.
         (PA_W_043)
WARNING: Power of unmapped instance 'u_mult/u_wal' will not be analyzed.
         (PA_W_043)
WARNING: Power of unmapped instance 'u_mult/u_wal' will not be analyzed.
         (PA_W_043)
WARNING: Power of unmapped instance 'u_mult/u_wal' will not be analyzed.
         (PA_W_043)
WARNING: Power of unmapped instance 'u_mult/u_wal' will not be analyzed.
         (PA_W_043)
WARNING: Power of unmapped instance 'u_mult/u_wal' will not be analyzed.
         (PA_W_043)
WARNING: Power of unmapped instance 'u_mult/u_wal' will not be analyzed.
         (PA_W_043)
WARNING: Power of unmapped instance 'u_mult/u_wal' will not be analyzed.
         (PA_W_043)
WARNING: Power of unmapped instance 'u_mult/u_wal' will not be analyzed.
         (PA_W_043)
WARNING: Power of unmapped instance 'u_mult/u_wal' will not be analyzed.
         (PA_W_043)
WARNING: Power of unmapped instance 'u_mult/u_wal' will not be analyzed.
         (PA_W_043)
WARNING: Power of unmapped instance 'u_mult/u_wal' will not be analyzed.
         (PA_W_043)
WARNING: Power of unmapped instance 'u_mult/u_wal' will not be analyzed.
         (PA_W_043)
WARNING: Power of unmapped instance 'u_mult/u_wal' will not be analyzed.
         (PA_W_043)
WARNING: Power of unmapped instance 'u_mult/u_wal' will not be analyzed.
         (PA_W_043)
WARNING: Power of unmapped instance 'u_mult/u_wal' will not be analyzed.
         (PA_W_043)
WARNING: Power of unmapped instance 'u_mult/u_wal' will not be analyzed.
         (PA_W_043)
WARNING: Power of unmapped instance 'u_mult/u_wal' will not be analyzed.
         (PA_W_043)
WARNING: Power of unmapped instance 'u_mult/u_wal' will not be analyzed.
         (PA_W_043)
WARNING: Power of unmapped instance 'u_mult/u_wal' will not be analyzed.
         (PA_W_043)
WARNING: Power of unmapped instance 'u_mult/u_wal' will not be analyzed.
         (PA_W_043)
WARNING: Power of unmapped instance 'u_mult/u_wal' will not be analyzed.
         (PA_W_043)
WARNING: Power of unmapped instance 'u_mult/u_wal' will not be analyzed.
         (PA_W_043)
WARNING: Power of unmapped instance 'u_mult/u_wal' will not be analyzed.
         (PA_W_043)
WARNING: Power of unmapped instance 'u_mult/u_wal' will not be analyzed.
         (PA_W_043)
WARNING: Power of unmapped instance 'u_mult/u_wal' will not be analyzed.
         (PA_W_043)
WARNING: Power of unmapped instance 'u_mult/u_wal' will not be analyzed.
         (PA_W_043)
WARNING: Power of unmapped instance 'u_mult/u_wal' will not be analyzed.
         (PA_W_043)
WARNING: Power of unmapped instance 'u_mult/u_wal' will not be analyzed.
         (PA_W_043)
WARNING: Power of unmapped instance 'u_mult/u_wal' will not be analyzed.
         (PA_W_043)
WARNING: Power of unmapped instance 'u_mult/u_wal' will not be analyzed.
         (PA_W_043)
WARNING: Power of unmapped instance 'u_mult/u_wal' will not be analyzed.
         (PA_W_043)
WARNING: Power of unmapped instance 'u_mult/u_wal' will not be analyzed.
         (PA_W_043)
WARNING: Power of unmapped instance 'u_mult/u_wal' will not be analyzed.
         (PA_W_043)
WARNING: Power of unmapped instance 'u_mult/u_wal' will not be analyzed.
         (PA_W_043)
WARNING: Power of unmapped instance 'u_mult/u_wal' will not be analyzed.
         (PA_W_043)
WARNING: Power of unmapped instance 'u_mult/u_wal' will not be analyzed.
         (PA_W_043)
WARNING: Power of unmapped instance 'u_mult/u_wal' will not be analyzed.
         (PA_W_043)
WARNING: Power of unmapped instance 'u_mult/u_wal' will not be analyzed.
         (PA_W_043)
WARNING: Power of unmapped instance 'u_mult/u_wal' will not be analyzed.
         (PA_W_043)
WARNING: Power of unmapped instance 'u_mult/u_wal' will not be analyzed.
         (PA_W_043)
WARNING: Power of unmapped instance 'u_mult/u_wal' will not be analyzed.
         (PA_W_043)
WARNING: Power of unmapped instance 'u_mult/u_wal' will not be analyzed.
         (PA_W_043)
INFO:    Vectorless flow is adopted in computing power. (PA_I_016)


*******************************************************************************
* Report  : Power                                                             *
* Command : analyze_power >                                                   *
*         : /headless/Desktop/digitial/digital_env/Work/SYN/report/power.rpt  *
* Design  : mac16_dualmode                                                    *
* Version : 2506_4e37.rel                                                     *
* Date    : 12:20 PM, 23-Apr-26                                               *
*******************************************************************************
*******************************************************************************
* MAX Power Analysis                                                          *
* Environment Library  : ics55_LLSC_H9CR_ss_rcworst_1p08_125                  *
* Operating Conditions : ETSCA_N55_H9BR_ss_mos_RCworst_1.08_125               *
* Wire Load Library    : ics55_LLSC_H9CR_ff_cbest_1p32_125                    *
* Wire Load Model Mode : top                                                  *
* Wire Load Model From : default                                              *
* Wire Load Model On Top Design :                                             *
*******************************************************************************
*******************************************************************************
* Legend :                                                                    *
* Switching power : power dissipated when charging or discharging capacitors  *
* Internal power  : power dissipated within a cell                            *
* X-trans. power  : power dissipated during X-state transitions               *
* Glitch power    : power dissipated during detectable glitches on the nets   *
* Dynamic power   : switching power + internal power                          *
* Static power    : reverse-biased junction leakage + subthreshold leakage    *
* Total power     : dynamic power + static power                              *
*******************************************************************************
Associated Library(s):
    ics55_LLSC_H9CR_ff_cbest_1p32_125


                    Summary of Power Consumption (report_unit_type : power_sum; unit: Watt)
---------------------------------------------------------------------------------------------------------
 Power Category          Internal   Switching   Dynamic(% Tot.)    Static(% Tot.)      Total(% Tot. Pwr.)
---------------------------------------------------------------------------------------------------------
 Total Power             3.864e-03  1.220e-03  5.083e-03( 98.11%)  9.783e-05(  1.89%)  5.181e-03(100.00%)
    - Clocktree          0.000e+00  0.000e+00  0.000e+00(  0.00%)  0.000e+00(  0.00%)  0.000e+00(  0.00%)
    - Register           3.232e-03  4.706e-04  3.702e-03( 98.67%)  5.009e-05(  1.33%)  3.752e-03( 72.42%)
    - Sequential         0.000e+00  0.000e+00  0.000e+00(  0.00%)  0.000e+00(  0.00%)  0.000e+00(  0.00%)
    - Black_Box          0.000e+00  2.095e-06  2.095e-06(100.00%)  0.000e+00(  0.00%)  2.095e-06(  0.04%)
    - Memory             0.000e+00  0.000e+00  0.000e+00(  0.00%)  0.000e+00(  0.00%)  0.000e+00(  0.00%)
    - Pad                0.000e+00  0.000e+00  0.000e+00(  0.00%)  0.000e+00(  0.00%)  0.000e+00(  0.00%)
    - Combinational      6.320e-04  7.469e-04  1.379e-03( 96.65%)  4.774e-05(  3.35%)  1.427e-03( 27.54%)

          Power Consumption by Design (report_unit_type : power_sum; unit: Watt)
------------------------------------------------------------------------------------
 Instance Name (Design Name)
  Level   Internal  Switching   X-trans.     Glitch    Dynamic     Static      Total
          (% Dyn.)   (% Dyn.)   (% Dyn.)   (% Dyn.)   (% Tot.)   (% Tot.)           
------------------------------------------------------------------------------------
 mac16_dualmode (mac16_dualmode)
      0  3.864e-03  1.220e-03  0.000e+00  0.000e+00  5.083e-03  9.783e-05  5.181e-03
         ( 76.01%)  ( 23.99%)  (  0.00%)  (  0.00%)  ( 98.11%)  (  1.89%)           
------------------------------------------------------------------------------------
